
C:\Users\celen\Desktop\codes\ekatalog\src\components\DisplaySettingsModal.tsx
  10:54  error  Unexpected any. Specify a different type  @typescript-eslint/no-explicit-any

Ô£û 1 problem (1 error, 0 warnings)

