src/components/admin/modals/AddProductModal.tsx(185,1): error TS1185: Merge conflict marker encountered.
src/components/admin/modals/AddProductModal.tsx(188,1): error TS1185: Merge conflict marker encountered.
src/components/admin/modals/AddProductModal.tsx(191,1): error TS1185: Merge conflict marker encountered.
src/components/admin/modals/AddProductModal.tsx(197,1): error TS1185: Merge conflict marker encountered.
src/components/admin/modals/AddProductModal.tsx(209,1): error TS1185: Merge conflict marker encountered.
src/components/admin/modals/AddProductModal.tsx(210,1): error TS1185: Merge conflict marker encountered.
src/components/admin/modals/AddProductModal.tsx(247,13): error TS1005: '</' expected.
src/components/admin/modals/AddProductModal.tsx(249,1): error TS1185: Merge conflict marker encountered.
src/components/admin/modals/AddProductModal.tsx(375,9): error TS1128: Declaration or statement expected.
src/components/admin/modals/AddProductModal.tsx(376,7): error TS1109: Expression expected.
src/components/admin/modals/AddProductModal.tsx(377,5): error TS1109: Expression expected.
src/components/admin/modals/AddProductModal.tsx(378,1): error TS1185: Merge conflict marker encountered.
src/components/admin/modals/AddProductModal.tsx(403,1): error TS1185: Merge conflict marker encountered.
src/components/admin/modals/AddProductModal.tsx(404,3): error TS1109: Expression expected.
src/components/admin/modals/BulkPriceUpdateModal.tsx(1,1): error TS1185: Merge conflict marker encountered.
src/components/admin/modals/BulkPriceUpdateModal.tsx(10,1): error TS1185: Merge conflict marker encountered.
src/components/admin/modals/BulkPriceUpdateModal.tsx(16,1): error TS1185: Merge conflict marker encountered.
src/components/admin/modals/BulkPriceUpdateModal.tsx(21,1): error TS1185: Merge conflict marker encountered.
src/components/admin/modals/BulkPriceUpdateModal.tsx(29,1): error TS1185: Merge conflict marker encountered.
src/components/admin/modals/BulkPriceUpdateModal.tsx(39,1): error TS1185: Merge conflict marker encountered.
src/components/admin/modals/BulkPriceUpdateModal.tsx(46,1): error TS1185: Merge conflict marker encountered.
src/components/admin/modals/BulkPriceUpdateModal.tsx(50,1): error TS1185: Merge conflict marker encountered.
src/components/admin/modals/BulkPriceUpdateModal.tsx(51,1): error TS1185: Merge conflict marker encountered.
src/components/admin/modals/BulkPriceUpdateModal.tsx(159,1): error TS1185: Merge conflict marker encountered.
src/components/admin/modals/BulkPriceUpdateModal.tsx(199,1): error TS1185: Merge conflict marker encountered.
src/components/admin/modals/BulkPriceUpdateModal.tsx(237,1): error TS1185: Merge conflict marker encountered.
src/components/admin/modals/BulkPriceUpdateModal.tsx(243,1): error TS1185: Merge conflict marker encountered.
src/components/admin/modals/BulkPriceUpdateModal.tsx(269,1): error TS1382: Unexpected token. Did you mean `{'>'}` or `&gt;`?
src/components/admin/modals/BulkPriceUpdateModal.tsx(269,2): error TS1382: Unexpected token. Did you mean `{'>'}` or `&gt;`?
src/components/admin/modals/BulkPriceUpdateModal.tsx(269,3): error TS1382: Unexpected token. Did you mean `{'>'}` or `&gt;`?
src/components/admin/modals/BulkPriceUpdateModal.tsx(269,4): error TS1382: Unexpected token. Did you mean `{'>'}` or `&gt;`?
src/components/admin/modals/BulkPriceUpdateModal.tsx(269,5): error TS1382: Unexpected token. Did you mean `{'>'}` or `&gt;`?
src/components/admin/modals/BulkPriceUpdateModal.tsx(269,6): error TS1382: Unexpected token. Did you mean `{'>'}` or `&gt;`?
src/components/admin/modals/BulkPriceUpdateModal.tsx(269,7): error TS1382: Unexpected token. Did you mean `{'>'}` or `&gt;`?
src/components/admin/modals/BulkPriceUpdateModal.tsx(352,21): error TS1005: '</' expected.
src/components/admin/modals/BulkPriceUpdateModal.tsx(353,1): error TS1185: Merge conflict marker encountered.
src/components/admin/modals/BulkPriceUpdateModal.tsx(355,15): error TS2657: JSX expressions must have one parent element.
src/components/admin/modals/BulkPriceUpdateModal.tsx(409,18): error TS17008: JSX element 'Button' has no corresponding closing tag.
src/components/admin/modals/BulkPriceUpdateModal.tsx(434,1): error TS1382: Unexpected token. Did you mean `{'>'}` or `&gt;`?
src/components/admin/modals/BulkPriceUpdateModal.tsx(434,2): error TS1382: Unexpected token. Did you mean `{'>'}` or `&gt;`?
src/components/admin/modals/BulkPriceUpdateModal.tsx(434,3): error TS1382: Unexpected token. Did you mean `{'>'}` or `&gt;`?
src/components/admin/modals/BulkPriceUpdateModal.tsx(434,4): error TS1382: Unexpected token. Did you mean `{'>'}` or `&gt;`?
src/components/admin/modals/BulkPriceUpdateModal.tsx(434,5): error TS1382: Unexpected token. Did you mean `{'>'}` or `&gt;`?
src/components/admin/modals/BulkPriceUpdateModal.tsx(434,6): error TS1382: Unexpected token. Did you mean `{'>'}` or `&gt;`?
src/components/admin/modals/BulkPriceUpdateModal.tsx(434,7): error TS1382: Unexpected token. Did you mean `{'>'}` or `&gt;`?
src/components/admin/modals/BulkPriceUpdateModal.tsx(438,11): error TS1128: Declaration or statement expected.
src/components/admin/modals/BulkPriceUpdateModal.tsx(543,9): error TS1128: Declaration or statement expected.
src/components/admin/modals/BulkPriceUpdateModal.tsx(544,1): error TS1185: Merge conflict marker encountered.
src/components/admin/modals/BulkPriceUpdateModal.tsx(545,7): error TS1109: Expression expected.
src/components/admin/modals/BulkPriceUpdateModal.tsx(546,5): error TS1109: Expression expected.
src/components/admin/modals/BulkPriceUpdateModal.tsx(547,1): error TS1185: Merge conflict marker encountered.
src/components/admin/modals/BulkPriceUpdateModal.tsx(549,1): error TS1185: Merge conflict marker encountered.
src/components/admin/modals/BulkPriceUpdateModal.tsx(550,3): error TS1109: Expression expected.
src/components/admin/modals/BulkPriceUpdateModal.tsx(551,1): error TS1128: Declaration or statement expected.
src/components/ui/Button.tsx(1,1): error TS1185: Merge conflict marker encountered.
src/components/ui/Button.tsx(4,1): error TS1185: Merge conflict marker encountered.
src/components/ui/Button.tsx(7,1): error TS1185: Merge conflict marker encountered.
src/components/ui/MarqueeText.tsx(28,1): error TS1185: Merge conflict marker encountered.
src/components/ui/MarqueeText.tsx(32,1): error TS1185: Merge conflict marker encountered.
src/components/ui/MarqueeText.tsx(38,1): error TS1185: Merge conflict marker encountered.
src/data/config/theme.tsx(76,1): error TS1185: Merge conflict marker encountered.
src/data/config/theme.tsx(91,1): error TS1185: Merge conflict marker encountered.
src/data/config/theme.tsx(124,1): error TS1185: Merge conflict marker encountered.
src/hooks/store/useSettings.ts(133,1): error TS1185: Merge conflict marker encountered.
src/hooks/store/useSettings.ts(149,1): error TS1185: Merge conflict marker encountered.
src/hooks/store/useSettings.ts(158,1): error TS1185: Merge conflict marker encountered.
src/hooks/store/useSettings.ts(167,1): error TS1185: Merge conflict marker encountered.
src/hooks/store/useSettings.ts(181,1): error TS1185: Merge conflict marker encountered.
src/hooks/store/useSettings.ts(184,1): error TS1185: Merge conflict marker encountered.
src/hooks/store/useSettings.ts(241,1): error TS1185: Merge conflict marker encountered.
src/hooks/store/useSettings.ts(246,1): error TS1185: Merge conflict marker encountered.
src/hooks/store/useSettings.ts(250,1): error TS1185: Merge conflict marker encountered.
src/utils/helpers/store.ts(27,1): error TS1185: Merge conflict marker encountered.
src/utils/helpers/store.ts(37,1): error TS1185: Merge conflict marker encountered.
src/utils/helpers/store.ts(39,1): error TS1185: Merge conflict marker encountered.
